[mixer-disabled] Error: Hydration failed because the server rendered HTML didn't match the client. As a result this tree will be regenerated on the client. This can happen if a SSR-ed Client Component used:

- A server/client branch `if (typeof window !== 'undefined')`.
- Variable input such as `Date.now()` or `Math.random()` which changes each time it's called.
- Date formatting in a user's locale which doesn't match the server.
- External changing data without sending a snapshot of it along with the HTML.
- Invalid HTML tag nesting.

It can also happen if the client has a browser extension installed which messes with the HTML before React loaded.

https://react.dev/link/hydration-mismatch

  ...
    <HotReload assetPrefix="" globalError={[...]}>
      <AppDevOverlayErrorBoundary globalError={[...]}>
        <ReplaySsrOnlyErrors>
        <DevRootHTTPAccessFallbackBoundary>
          <HTTPAccessFallbackBoundary notFound={<NotAllowedRootHTTPFallbackError>}>
            <HTTPAccessFallbackErrorBoundary pathname="/control-room" notFound={<NotAllowedRootHTTPFallbackError>} ...>
              <RedirectBoundary>
                <RedirectErrorBoundary router={{...}}>
                  <Head>
                  <__next_root_layout_boundary__>
                    <SegmentViewNode type="layout" pagePath="layout.tsx">
                      <SegmentTrieNode>
                      <link>
                      <RootLayout>
                        <html lang="en">
                          <body
-                           style={{zoom:"100%"}}
                          >
                            ...
                              <div className="min-h-0 sh..." style={{height:280}}>
                                <CommandCenterBottomWorkspace activeTab="layers" ...>
                                  <section className="flex min-h..." aria-label="Bottom wor...">
                                    <div>
                                    <div id="command-ce..." role="tabpanel" aria-labelledby="command-ce..." ...>
-                                     <section
-                                       className="rounded-ubos-md border border-ubos-border bg-ubos-graphite shadow-u..."
-                                     >
                  ...

    at throwOnHydrationMismatch (webpack-internal:///(app-pages-browser)/../../node_modules/.pnpm/next@15.5.19_@playwright+te_025bcecab52d996dea50de12beb6e2c4/node_modules/next/dist/compiled/react-dom/cjs/react-dom-client.development.js:4506:11)
    at popHydrationState (webpack-internal:///(app-pages-browser)/../../node_modules/.pnpm/next@15.5.19_@playwright+te_025bcecab52d996dea50de12beb6e2c4/node_modules/next/dist/compiled/react-dom/cjs/react-dom-client.development.js:4645:9)
    at completeWork (webpack-internal:///(app-pages-browser)/../../node_modules/.pnpm/next@15.5.19_@playwright+te_025bcecab52d996dea50de12beb6e2c4/node_modules/next/dist/compiled/react-dom/cjs/react-dom-client.development.js:11634:17)
    at runWithFiberInDEV (webpack-internal:///(app-pages-browser)/../../node_modules/.pnpm/next@15.5.19_@playwright+te_025bcecab52d996dea50de12beb6e2c4/node_modules/next/dist/compiled/react-dom/cjs/react-dom-client.development.js:872:30)
    at completeUnitOfWork (webpack-internal:///(app-pages-browser)/../../node_modules/.pnpm/next@15.5.19_@playwright+te_025bcecab52d996dea50de12beb6e2c4/node_modules/next/dist/compiled/react-dom/cjs/react-dom-client.development.js:15863:19)
    at performUnitOfWork (webpack-internal:///(app-pages-browser)/../../node_modules/.pnpm/next@15.5.19_@playwright+te_025bcecab52d996dea50de12beb6e2c4/node_modules/next/dist/compiled/react-dom/cjs/react-dom-client.development.js:15744:11)
    at workLoopConcurrentByScheduler (webpack-internal:///(app-pages-browser)/../../node_modules/.pnpm/next@15.5.19_@playwright+te_025bcecab52d996dea50de12beb6e2c4/node_modules/next/dist/compiled/react-dom/cjs/react-dom-client.development.js:15721:9)
    at renderRootConcurrent (webpack-internal:///(app-pages-browser)/../../node_modules/.pnpm/next@15.5.19_@playwright+te_025bcecab52d996dea50de12beb6e2c4/node_modules/next/dist/compiled/react-dom/cjs/react-dom-client.development.js:15696:15)
    at performWorkOnRoot (webpack-internal:///(app-pages-browser)/../../node_modules/.pnpm/next@15.5.19_@playwright+te_025bcecab52d996dea50de12beb6e2c4/node_modules/next/dist/compiled/react-dom/cjs/react-dom-client.development.js:14990:13)
    at performWorkOnRootViaSchedulerTask (webpack-internal:///(app-pages-browser)/../../node_modules/.pnpm/next@15.5.19_@playwright+te_025bcecab52d996dea50de12beb6e2c4/node_modules/next/dist/compiled/react-dom/cjs/react-dom-client.development.js:16816:7)
    at MessagePort.performWorkUntilDeadline (webpack-internal:///(app-pages-browser)/../../node_modules/.pnpm/next@15.5.19_@playwright+te_025bcecab52d996dea50de12beb6e2c4/node_modules/next/dist/compiled/scheduler/cjs/scheduler.development.js:45:48)